// Jest Snapshot v1, https://goo.gl/fbAQLP

exports[`With Snapshot Testing [Index] shows "Hello world!" 1`] = `
<div>
  <div>
    ASK #2
  </div>
</div>
`;
